// Jest Snapshot v1, https://goo.gl/fbAQLP

exports[`<Article /> renders <Article /> component 1`] = `ShallowWrapper {}`;
